[17:58:17] === 实验三 完整仿真系统启动 (Launch) ===
[17:58:17] 场景: C:\Users\39562\Desktop\实验三桌面物体自动分类整理_仿真开发代码\second_imitation.ttt
[17:58:17] 视角=front  输出=none  界面语言=en
[17:58:17] ① 启动 CoppeliaSim ...
[17:58:17]    PID=12532
[17:58:17] ② 等待 ZMQ Remote API (端口 23000) ...
[17:58:23]    ZMQ 就绪
[17:58:23] ③ 相机标定已存在：calibration.json
[17:58:23] ④ 启动视觉分类抓取主流程 ...
[17:58:23]    命令: C:\Users\39562\AppData\Local\Programs\Python\Python313\python.exe -u vision_pipeline_recorded.py front C:\Users\39562\Desktop\实验三桌面物体自动分类整理_仿真开发代码\_no_record.mp4 en
启动仿真与录制（视觉分类抓取与放置 / 正面视角）...
日志: C:\Users\39562\Desktop\实验三桌面物体自动分类整理_仿真开发代码\logs
安全监控: 关节限位 + 碰撞检查（桌面/非目标物/自碰撞）
偏移：抓取(+0.173,-0.008) 搬运(+0.286,-0.013) 放置(+0.347,-0.015) 位姿差(+0.061,-0.003)
    [gripper cam] target=Class A (blue prism) bbox=[38, 0, 255, 180] conf=0.567 -> GRASP

=== 位置1：夹爪相机判定 A类・蓝色棱柱（置信度 0.567）→ LeftBin ===
    夹爪闭合：手指已接触物体；抓取校验偏离 0.0000 m ✅
    料盒停靠：车体x=0.042 车头前缘=0.232 箱壁外面=0.275 余量=0.043 m ✅
    机械臂送入后物体位置=(0.381, -1.048, 0.132)  目标=(0.380, -1.050, 0.130)
    [gripper cam] target=Class B (red cylinder) bbox=[83, 0, 175, 180] conf=0.566 -> GRASP

=== 位置2：夹爪相机判定 B类・红色圆柱（置信度 0.566）→ RightBin ===
    夹爪闭合：手指已接触物体；抓取校验偏离 0.0000 m ✅
    料盒停靠：车体x=0.042 车头前缘=0.232 箱壁外面=0.275 余量=0.043 m ✅
    机械臂送入后物体位置=(0.381, 0.753, 0.132)  目标=(0.380, 0.750, 0.130)
    [gripper cam] target=Class A (blue prism) bbox=[57, 0, 258, 180] conf=0.565 -> GRASP

=== 位置3：夹爪相机判定 A类・蓝色棱柱（置信度 0.565）→ LeftBin ===
    夹爪闭合：手指已接触物体；抓取校验偏离 0.0000 m ✅
    料盒停靠：车体x=0.042 车头前缘=0.232 箱壁外面=0.275 余量=0.043 m ✅
    机械臂送入后物体位置=(0.381, -0.895, 0.132)  目标=(0.380, -0.900, 0.130)
    [gripper cam] no object -> SKIP
    ⤵ 位置4：夹爪相机未看到物体 → 跳过，不抓取
    [gripper cam] target=Class A (blue prism) bbox=[75, 0, 245, 180] conf=0.593 -> GRASP

=== 位置5：夹爪相机判定 A类・蓝色棱柱（置信度 0.593）→ LeftBin ===
    夹爪闭合：手指已接触物体；抓取校验偏离 0.0000 m ✅
    料盒停靠：车体x=0.041 车头前缘=0.231 箱壁外面=0.275 余量=0.044 m ✅
    机械臂送入后物体位置=(0.381, -0.743, 0.132)  目标=(0.380, -0.750, 0.130)
    [gripper cam] target=Class B (red cylinder) bbox=[119, 0, 180, 180] conf=0.568 -> GRASP

=== 位置6：夹爪相机判定 B类・红色圆柱（置信度 0.568）→ RightBin ===
    夹爪闭合：手指已接触物体；抓取校验偏离 0.0000 m ✅
    料盒停靠：车体x=0.041 车头前缘=0.231 箱壁外面=0.275 余量=0.044 m ✅
    机械臂送入后物体位置=(0.381, 0.907, 0.132)  目标=(0.380, 0.900, 0.130)

跳过的位置：[4]（视觉未检测到物体）
视频: C:\Users\39562\Desktop\实验三桌面物体自动分类整理_仿真开发代码\_no_record.mp4  帧数=972  大小=11.3MB

=== 执行结果汇总 ===
  抓取次数=5  成功=5  成功率=100%  错误=0  安全违规=0
  轨迹: trajectory_front_en_20260910_175825.csv
  结果: results_front_en_20260910_175825.json
  错误: errors_front_en_20260910_175825.log
  汇总: summary_front_en_20260910_175825.json

最终结果：
  Grid1  A → LeftBin   落点=(+0.381, -1.048, +0.132) 误差=(0.0012, 0.0020, 0.0022) ✅
  Grid2  B → RightBin  落点=(+0.381, +0.753, +0.132) 误差=(0.0011, 0.0035, 0.0022) ✅
  Grid3  A → LeftBin   落点=(+0.381, -0.895, +0.132) 误差=(0.0011, 0.0048, 0.0022) ✅
  Grid5  A → LeftBin   落点=(+0.381, -0.743, +0.132) 误差=(0.0010, 0.0066, 0.0023) ✅
  Grid6  B → RightBin  落点=(+0.381, +0.907, +0.132) 误差=(0.0010, 0.0075, 0.0023) ✅
[18:00:20] ⑤ 主流程结束：返回码 0，用时 117.0 s
[18:00:20]    轨迹/结果/错误日志见 C:\Users\39562\Desktop\实验三桌面物体自动分类整理_仿真开发代码\logs
[18:00:20]    启动日志: C:\Users\39562\Desktop\实验三桌面物体自动分类整理_仿真开发代码\logs\launch_20260910_175817.log
[18:00:20] === 启动流程结束 ===
